M01 출처 구분 제거 ["카드로 고르면 상세가 그 카드 바로 뒤에, 운영표 줄·이름 단추로 고르면 운영표 뒤에 있다"]
M02 72px 예약 제거 ["펼친 면담은 고용 단추를 같은 규칙으로 띠 안에 두고 접을 때는 굴리지 않는다", "펼친 상세는 훈련 단추 아래 끝 + 8px이 알림 자리 72px 위에 오게 한 번 굴리고 제목은 막대 아래 8px에 남긴다"]
M03 제목 상한 제거 ["펼친 상세는 훈련 단추 아래 끝 + 8px이 알림 자리 72px 위에 오게 한 번 굴리고 제목은 막대 아래 8px에 남긴다"]
M04 훈련 칸 제거 ["훈련을 넣고 위 내용이 늘면 예정 표시를 누른 높이에 둔다"]
M05 오른쪽 보정 제거 ["고정 막대를 눌러도 마지막 열은 그대로다", "막대 아래에서 시작하는 후보를 막대에 걸친 후보보다 먼저 쓴다", "오른쪽 칸에서 focusin 뒤 하루 진행은 오른쪽 후보 하나로 한 번 보정한다", "오른쪽 칸에서 pointerdown 뒤 하루 진행은 오른쪽 후보 하나로 한 번 보정한다", "오른쪽 칸에서 touchstart 뒤 하루 진행은 오른쪽 후보 하나로 한 번 보정한다", "오른쪽 칸에서 wheel 뒤 하루 진행은 오른쪽 후보 하나로 한 번 보정한다"]
M06 세 열 판정 제거 ["한 열이면 오른쪽을 눌렀어도 계약 제목 규칙이다"]
M07 M1에 단추 ["M1 화면에는 카드 아래 상세·오늘 할 일 단추·훈련 칸이 없다"]
M08 Esc 고정 순서 ["맨 위 칸은 가장 최근에 열거나 그 안을 누르거나 초점을 둔 칸이다"]
M09 Esc 초점 복귀 없음 ["열린 상세를 닫고 상세 단추로 초점을 돌려주며 띠 안으로 최소 거리만 옮기고 500ms 동안 누름을 막는다"]
M10 Esc 500ms 없음 ["열린 상세를 닫고 상세 단추로 초점을 돌려주며 띠 안으로 최소 거리만 옮기고 500ms 동안 누름을 막는다"]
M11 Esc 빈 칸도 막음 ["열린 상세를 닫고 상세 단추로 초점을 돌려주며 띠 안으로 최소 거리만 옮기고 500ms 동안 누름을 막는다", "열린 칸 없음이면 Esc가 아무것도 하지 않는다"]
M12 Esc 반복 허용 ["반복이면 Esc가 아무것도 하지 않는다"]
M13 한 열 분기 제거 ["패널 사이 글자는 기존 화면 코드와 같은 줄바꿈과 들여쓰기다", "한 열이면 한 열 격자 순서, 세 열이면 세 열 격자 순서로 그리고 미디어 조건은 CSS와 같다"]
M14 보고·지도 순서 ["한 열이면 한 열 격자 순서, 세 열이면 세 열 격자 순서로 그리고 미디어 조건은 CSS와 같다"]
M15 수신기 제거 ["패널 사이 글자는 기존 화면 코드와 같은 줄바꿈과 들여쓰기다", "폭이 바뀌어 다시 그려도 초점은 같은 조작에 남고 굴리지 않는다", "한 열이면 한 열 격자 순서, 세 열이면 세 열 격자 순서로 그리고 미디어 조건은 CSS와 같다"]
M16 초점 유지 제거 ["폭이 바뀌어 다시 그려도 초점은 같은 조작에 남고 굴리지 않는다"]
M17 초기화에서 열 기억 남김 ["import 뒤에는 마지막 열이 비워진다", "load 뒤에는 마지막 열이 비워진다", "restart 뒤에는 마지막 열이 비워진다", "scenario 뒤에는 마지막 열이 비워진다"]
M18 바닥 줄을 주 열에서 뺌 ["주 열을 누른 뒤에는 계약 제목 규칙 그대로다"]
M19 Esc 접촉 갱신 없음 ["맨 위 칸은 가장 최근에 열거나 그 안을 누르거나 초점을 둔 칸이다"]
M20 수정키 Esc 허용 ["Alt이면 Esc가 아무것도 하지 않는다", "Ctrl이면 Esc가 아무것도 하지 않는다", "Meta이면 Esc가 아무것도 하지 않는다", "Shift이면 Esc가 아무것도 하지 않는다"]
M21 막대 아래 후보 우선 제거 ["막대 아래에서 시작하는 후보를 막대에 걸친 후보보다 먼저 쓴다"]
M22 패널 사이 줄바꿈 없음 ["패널 사이 글자는 기존 화면 코드와 같은 줄바꿈과 들여쓰기다"]
M23 폭 바뀜에 기본 초점 복원 ["폭이 바뀌어 다시 그려도 초점은 같은 조작에 남고 굴리지 않는다"]
M24 단추 500ms 없음 ["단추를 누르면 오늘 할 일 제목으로 굴리고 초점을 두며 500ms 동안 다른 누름을 막고 알림은 그대로다"]
M25 머리 줄 규칙 제거 ["빌드 표시 문구 폭을 9.5rem으로 묶어 빌드 표시를 둘째 줄에 두고 문구는 그대로다"]
M26 상세 열 때 최근 표시 없음 ["맨 위 칸은 가장 최근에 열거나 그 안을 누르거나 초점을 둔 칸이다"]
M27 필터로 숨은 카드에도 카드 아래 ["고른 카드가 필터로 숨으면 상세는 운영표 뒤에 있고 필터를 풀면 카드 아래로 돌아온다", "훈련 대기→완료→레벨 알림→저장 재개를 연결하고 버튼이 꺼지면 상세 제목으로 초점을 옮긴다"]
M28 Esc 열린 칸 접촉을 닫힌 칸에도 ["맨 위 칸은 가장 최근에 열거나 그 안을 누르거나 초점을 둔 칸이다"]
mut rc=0
