[1/168 1s] {'pool': 'F', 'fwd_per_batch': 3, 'fwd_split': None, 'std_l_per_pt': 6000, 'h_qty_scale': 1, 'h_l_per_pt': 250, 'fwd_min_pt': 2, 'space_l': 10000, 'space_fee': 3000, 'exp_storage_l': 20000, 'exp_handling_pt': 3, 'h_fee_add': 0} v0=4883 c=1000 good=[] bad=24 top=19
[2/168 2s] {'pool': 'F', 'fwd_per_batch': 3, 'fwd_split': None, 'std_l_per_pt': 6000, 'h_qty_scale': 1, 'h_l_per_pt': 250, 'fwd_min_pt': 3, 'space_l': 10000, 'space_fee': 3000, 'exp_storage_l': 20000, 'exp_handling_pt': 3, 'h_fee_add': 0} v0=4416 c=1000 good=[] bad=24 top=18
[3/168 4s] {'pool': 'F', 'fwd_per_batch': 3, 'fwd_split': None, 'std_l_per_pt': 4000, 'h_qty_scale': 1, 'h_l_per_pt': 250, 'fwd_min_pt': 2, 'space_l': 10000, 'space_fee': 3000, 'exp_storage_l': 20000, 'exp_handling_pt': 3, 'h_fee_add': 0} v0=3403 c=1000 good=[] bad=24 top=20
[4/168 6s] {'pool': 'F', 'fwd_per_batch': 3, 'fwd_split': None, 'std_l_per_pt': 4000, 'h_qty_scale': 1, 'h_l_per_pt': 250, 'fwd_min_pt': 3, 'space_l': 10000, 'space_fee': 3000, 'exp_storage_l': 20000, 'exp_handling_pt': 3, 'h_fee_add': 0} v0=3088 c=1000 good=[] bad=24 top=20
[5/168 8s] {'pool': 'F', 'fwd_per_batch': 3, 'fwd_split': None, 'std_l_per_pt': 3000, 'h_qty_scale': 1, 'h_l_per_pt': 250, 'fwd_min_pt': 2, 'space_l': 10000, 'space_fee': 3000, 'exp_storage_l': 20000, 'exp_handling_pt': 3, 'h_fee_add': 0} v0=3273 c=1000 good=[] bad=24 top=20
[6/168 10s] {'pool': 'F', 'fwd_per_batch': 3, 'fwd_split': None, 'std_l_per_pt': 3000, 'h_qty_scale': 1, 'h_l_per_pt': 250, 'fwd_min_pt': 3, 'space_l': 10000, 'space_fee': 3000, 'exp_storage_l': 20000, 'exp_handling_pt': 3, 'h_fee_add': 0} v0=3088 c=1000 good=[] bad=24 top=20
[7/168 13s] {'pool': 'F', 'fwd_per_batch': 4, 'fwd_split': None, 'std_l_per_pt': 6000, 'h_qty_scale': 1, 'h_l_per_pt': 250, 'fwd_min_pt': 2, 'space_l': 10000, 'space_fee': 3000, 'exp_storage_l': 20000, 'exp_handling_pt': 3, 'h_fee_add': 0} v0=5188 c=1000 good=[] bad=24 top=16
[8/168 15s] {'pool': 'F', 'fwd_per_batch': 4, 'fwd_split': None, 'std_l_per_pt': 6000, 'h_qty_scale': 1, 'h_l_per_pt': 250, 'fwd_min_pt': 3, 'space_l': 10000, 'space_fee': 3000, 'exp_storage_l': 20000, 'exp_handling_pt': 3, 'h_fee_add': 0} v0=4973 c=1000 good=[] bad=24 top=16
[9/168 17s] {'pool': 'F', 'fwd_per_batch': 4, 'fwd_split': None, 'std_l_per_pt': 4000, 'h_qty_scale': 1, 'h_l_per_pt': 250, 'fwd_min_pt': 2, 'space_l': 10000, 'space_fee': 3000, 'exp_storage_l': 20000, 'exp_handling_pt': 3, 'h_fee_add': 0} v0=3824 c=1000 good=[] bad=24 top=20
[10/168 19s] {'pool': 'F', 'fwd_per_batch': 4, 'fwd_split': None, 'std_l_per_pt': 4000, 'h_qty_scale': 1, 'h_l_per_pt': 250, 'fwd_min_pt': 3, 'space_l': 10000, 'space_fee': 3000, 'exp_storage_l': 20000, 'exp_handling_pt': 3, 'h_fee_add': 0} v0=3677 c=1000 good=[] bad=24 top=20
[11/168 21s] {'pool': 'F', 'fwd_per_batch': 4, 'fwd_split': None, 'std_l_per_pt': 3000, 'h_qty_scale': 1, 'h_l_per_pt': 250, 'fwd_min_pt': 2, 'space_l': 10000, 'space_fee': 3000, 'exp_storage_l': 20000, 'exp_handling_pt': 3, 'h_fee_add': 0} v0=3726 c=1000 good=[] bad=24 top=20
[12/168 23s] {'pool': 'F', 'fwd_per_batch': 4, 'fwd_split': None, 'std_l_per_pt': 3000, 'h_qty_scale': 1, 'h_l_per_pt': 250, 'fwd_min_pt': 3, 'space_l': 10000, 'space_fee': 3000, 'exp_storage_l': 20000, 'exp_handling_pt': 3, 'h_fee_add': 0} v0=3677 c=1000 good=[] bad=24 top=20
[13/168 24s] {'pool': 'F', 'fwd_per_batch': 5, 'fwd_split': None, 'std_l_per_pt': 6000, 'h_qty_scale': 1, 'h_l_per_pt': 250, 'fwd_min_pt': 2, 'space_l': 10000, 'space_fee': 3000, 'exp_storage_l': 20000, 'exp_handling_pt': 3, 'h_fee_add': 0} v0=5295 c=1010 good=[] bad=24 top=14
[14/168 26s] {'pool': 'F', 'fwd_per_batch': 5, 'fwd_split': None, 'std_l_per_pt': 6000, 'h_qty_scale': 1, 'h_l_per_pt': 250, 'fwd_min_pt': 3, 'space_l': 10000, 'space_fee': 3000, 'exp_storage_l': 20000, 'exp_handling_pt': 3, 'h_fee_add': 0} v0=4884 c=1000 good=[] bad=24 top=16
[15/168 28s] {'pool': 'F', 'fwd_per_batch': 5, 'fwd_split': None, 'std_l_per_pt': 4000, 'h_qty_scale': 1, 'h_l_per_pt': 250, 'fwd_min_pt': 2, 'space_l': 10000, 'space_fee': 3000, 'exp_storage_l': 20000, 'exp_handling_pt': 3, 'h_fee_add': 0} v0=3901 c=1000 good=[] bad=24 top=19
[16/168 30s] {'pool': 'F', 'fwd_per_batch': 5, 'fwd_split': None, 'std_l_per_pt': 4000, 'h_qty_scale': 1, 'h_l_per_pt': 250, 'fwd_min_pt': 3, 'space_l': 10000, 'space_fee': 3000, 'exp_storage_l': 20000, 'exp_handling_pt': 3, 'h_fee_add': 0} v0=3783 c=1000 good=[] bad=24 top=20
[17/168 31s] {'pool': 'F', 'fwd_per_batch': 5, 'fwd_split': None, 'std_l_per_pt': 3000, 'h_qty_scale': 1, 'h_l_per_pt': 250, 'fwd_min_pt': 2, 'space_l': 10000, 'space_fee': 3000, 'exp_storage_l': 20000, 'exp_handling_pt': 3, 'h_fee_add': 0} v0=3823 c=1000 good=[] bad=24 top=20
[18/168 32s] {'pool': 'F', 'fwd_per_batch': 5, 'fwd_split': None, 'std_l_per_pt': 3000, 'h_qty_scale': 1, 'h_l_per_pt': 250, 'fwd_min_pt': 3, 'space_l': 10000, 'space_fee': 3000, 'exp_storage_l': 20000, 'exp_handling_pt': 3, 'h_fee_add': 0} v0=3783 c=1000 good=[] bad=24 top=20
[19/168 34s] {'pool': 'F', 'fwd_per_batch': 6, 'fwd_split': None, 'std_l_per_pt': 6000, 'h_qty_scale': 1, 'h_l_per_pt': 250, 'fwd_min_pt': 2, 'space_l': 10000, 'space_fee': 3000, 'exp_storage_l': 20000, 'exp_handling_pt': 3, 'h_fee_add': 0} v0=5380 c=1010 good=[] bad=24 top=11
[20/168 36s] {'pool': 'F', 'fwd_per_batch': 6, 'fwd_split': None, 'std_l_per_pt': 6000, 'h_qty_scale': 1, 'h_l_per_pt': 250, 'fwd_min_pt': 3, 'space_l': 10000, 'space_fee': 3000, 'exp_storage_l': 20000, 'exp_handling_pt': 3, 'h_fee_add': 0} v0=5216 c=1010 good=[] bad=24 top=12
[21/168 38s] {'pool': 'F', 'fwd_per_batch': 6, 'fwd_split': None, 'std_l_per_pt': 4000, 'h_qty_scale': 1, 'h_l_per_pt': 250, 'fwd_min_pt': 2, 'space_l': 10000, 'space_fee': 3000, 'exp_storage_l': 20000, 'exp_handling_pt': 3, 'h_fee_add': 0} v0=3990 c=1000 good=[] bad=24 top=19
[22/168 40s] {'pool': 'F', 'fwd_per_batch': 6, 'fwd_split': None, 'std_l_per_pt': 4000, 'h_qty_scale': 1, 'h_l_per_pt': 250, 'fwd_min_pt': 3, 'space_l': 10000, 'space_fee': 3000, 'exp_storage_l': 20000, 'exp_handling_pt': 3, 'h_fee_add': 0} v0=3906 c=1000 good=[] bad=24 top=19
[23/168 42s] {'pool': 'F', 'fwd_per_batch': 6, 'fwd_split': None, 'std_l_per_pt': 3000, 'h_qty_scale': 1, 'h_l_per_pt': 250, 'fwd_min_pt': 2, 'space_l': 10000, 'space_fee': 3000, 'exp_storage_l': 20000, 'exp_handling_pt': 3, 'h_fee_add': 0} v0=4011 c=1000 good=[] bad=24 top=20
[24/168 44s] {'pool': 'F', 'fwd_per_batch': 6, 'fwd_split': None, 'std_l_per_pt': 3000, 'h_qty_scale': 1, 'h_l_per_pt': 250, 'fwd_min_pt': 3, 'space_l': 10000, 'space_fee': 3000, 'exp_storage_l': 20000, 'exp_handling_pt': 3, 'h_fee_add': 0} v0=3906 c=1000 good=[] bad=24 top=19
[25/168 47s] {'pool': 'FH', 'fwd_per_batch': 5, 'fwd_split': None, 'std_l_per_pt': 6000, 'h_qty_scale': 1, 'h_l_per_pt': 250, 'fwd_min_pt': 2, 'space_l': 10000, 'space_fee': 3000, 'exp_storage_l': 20000, 'exp_handling_pt': 3, 'h_fee_add': 0} v0=17791 c=1011 good=[] bad=24 top=16
[26/168 50s] {'pool': 'FH', 'fwd_per_batch': 5, 'fwd_split': None, 'std_l_per_pt': 6000, 'h_qty_scale': 1, 'h_l_per_pt': 250, 'fwd_min_pt': 3, 'space_l': 10000, 'space_fee': 3000, 'exp_storage_l': 20000, 'exp_handling_pt': 3, 'h_fee_add': 0} v0=17359 c=1011 good=[] bad=24 top=13
[27/168 53s] {'pool': 'FH', 'fwd_per_batch': 5, 'fwd_split': None, 'std_l_per_pt': 4000, 'h_qty_scale': 1, 'h_l_per_pt': 250, 'fwd_min_pt': 2, 'space_l': 10000, 'space_fee': 3000, 'exp_storage_l': 20000, 'exp_handling_pt': 3, 'h_fee_add': 0} v0=18115 c=1011 good=[] bad=24 top=11
[28/168 56s] {'pool': 'FH', 'fwd_per_batch': 5, 'fwd_split': None, 'std_l_per_pt': 4000, 'h_qty_scale': 1, 'h_l_per_pt': 250, 'fwd_min_pt': 3, 'space_l': 10000, 'space_fee': 3000, 'exp_storage_l': 20000, 'exp_handling_pt': 3, 'h_fee_add': 0} v0=17851 c=1011 good=[] bad=24 top=11
[29/168 60s] {'pool': 'FH', 'fwd_per_batch': 5, 'fwd_split': None, 'std_l_per_pt': 3000, 'h_qty_scale': 1, 'h_l_per_pt': 250, 'fwd_min_pt': 2, 'space_l': 10000, 'space_fee': 3000, 'exp_storage_l': 20000, 'exp_handling_pt': 3, 'h_fee_add': 0} v0=17904 c=1011 good=[] bad=24 top=13
[30/168 64s] {'pool': 'FH', 'fwd_per_batch': 5, 'fwd_split': None, 'std_l_per_pt': 3000, 'h_qty_scale': 1, 'h_l_per_pt': 250, 'fwd_min_pt': 3, 'space_l': 10000, 'space_fee': 3000, 'exp_storage_l': 20000, 'exp_handling_pt': 3, 'h_fee_add': 0} v0=17851 c=1011 good=[] bad=24 top=11
[31/168 67s] {'pool': 'FH', 'fwd_per_batch': 5, 'fwd_split': None, 'std_l_per_pt': 6000, 'h_qty_scale': 1, 'h_l_per_pt': 300, 'fwd_min_pt': 2, 'space_l': 10000, 'space_fee': 3000, 'exp_storage_l': 20000, 'exp_handling_pt': 3, 'h_fee_add': 0} v0=17824 c=1001 good=[] bad=24 top=16
[32/168 70s] {'pool': 'FH', 'fwd_per_batch': 5, 'fwd_split': None, 'std_l_per_pt': 6000, 'h_qty_scale': 1, 'h_l_per_pt': 300, 'fwd_min_pt': 3, 'space_l': 10000, 'space_fee': 3000, 'exp_storage_l': 20000, 'exp_handling_pt': 3, 'h_fee_add': 0} v0=17824 c=1001 good=[] bad=24 top=15
[33/168 73s] {'pool': 'FH', 'fwd_per_batch': 5, 'fwd_split': None, 'std_l_per_pt': 4000, 'h_qty_scale': 1, 'h_l_per_pt': 300, 'fwd_min_pt': 2, 'space_l': 10000, 'space_fee': 3000, 'exp_storage_l': 20000, 'exp_handling_pt': 3, 'h_fee_add': 0} v0=18507 c=1001 good=[] bad=24 top=15
[34/168 77s] {'pool': 'FH', 'fwd_per_batch': 5, 'fwd_split': None, 'std_l_per_pt': 4000, 'h_qty_scale': 1, 'h_l_per_pt': 300, 'fwd_min_pt': 3, 'space_l': 10000, 'space_fee': 3000, 'exp_storage_l': 20000, 'exp_handling_pt': 3, 'h_fee_add': 0} v0=18507 c=1001 good=[] bad=24 top=15
[35/168 80s] {'pool': 'FH', 'fwd_per_batch': 5, 'fwd_split': None, 'std_l_per_pt': 3000, 'h_qty_scale': 1, 'h_l_per_pt': 300, 'fwd_min_pt': 2, 'space_l': 10000, 'space_fee': 3000, 'exp_storage_l': 20000, 'exp_handling_pt': 3, 'h_fee_add': 0} v0=18507 c=1001 good=[] bad=24 top=15
[36/168 83s] {'pool': 'FH', 'fwd_per_batch': 5, 'fwd_split': None, 'std_l_per_pt': 3000, 'h_qty_scale': 1, 'h_l_per_pt': 300, 'fwd_min_pt': 3, 'space_l': 10000, 'space_fee': 3000, 'exp_storage_l': 20000, 'exp_handling_pt': 3, 'h_fee_add': 0} v0=18507 c=1001 good=[] bad=24 top=15
[37/168 86s] {'pool': 'FH', 'fwd_per_batch': 5, 'fwd_split': None, 'std_l_per_pt': 6000, 'h_qty_scale': 2, 'h_l_per_pt': 500, 'fwd_min_pt': 2, 'space_l': 10000, 'space_fee': 3000, 'exp_storage_l': 20000, 'exp_handling_pt': 3, 'h_fee_add': 0} v0=17392 c=1001 good=[] bad=24 top=15
[38/168 89s] {'pool': 'FH', 'fwd_per_batch': 5, 'fwd_split': None, 'std_l_per_pt': 6000, 'h_qty_scale': 2, 'h_l_per_pt': 500, 'fwd_min_pt': 3, 'space_l': 10000, 'space_fee': 3000, 'exp_storage_l': 20000, 'exp_handling_pt': 3, 'h_fee_add': 0} v0=17067 c=1001 good=[] bad=24 top=14
[39/168 92s] {'pool': 'FH', 'fwd_per_batch': 5, 'fwd_split': None, 'std_l_per_pt': 4000, 'h_qty_scale': 2, 'h_l_per_pt': 500, 'fwd_min_pt': 2, 'space_l': 10000, 'space_fee': 3000, 'exp_storage_l': 20000, 'exp_handling_pt': 3, 'h_fee_add': 0} v0=18113 c=1001 good=[] bad=24 top=15
[40/168 95s] {'pool': 'FH', 'fwd_per_batch': 5, 'fwd_split': None, 'std_l_per_pt': 4000, 'h_qty_scale': 2, 'h_l_per_pt': 500, 'fwd_min_pt': 3, 'space_l': 10000, 'space_fee': 3000, 'exp_storage_l': 20000, 'exp_handling_pt': 3, 'h_fee_add': 0} v0=17723 c=1001 good=[] bad=24 top=14
[41/168 98s] {'pool': 'FH', 'fwd_per_batch': 5, 'fwd_split': None, 'std_l_per_pt': 3000, 'h_qty_scale': 2, 'h_l_per_pt': 500, 'fwd_min_pt': 2, 'space_l': 10000, 'space_fee': 3000, 'exp_storage_l': 20000, 'exp_handling_pt': 3, 'h_fee_add': 0} v0=17726 c=1001 good=[] bad=24 top=14
[42/168 101s] {'pool': 'FH', 'fwd_per_batch': 5, 'fwd_split': None, 'std_l_per_pt': 3000, 'h_qty_scale': 2, 'h_l_per_pt': 500, 'fwd_min_pt': 3, 'space_l': 10000, 'space_fee': 3000, 'exp_storage_l': 20000, 'exp_handling_pt': 3, 'h_fee_add': 0} v0=17723 c=1001 good=[] bad=24 top=14
[43/168 104s] {'pool': 'FH', 'fwd_per_batch': 5, 'fwd_split': None, 'std_l_per_pt': 6000, 'h_qty_scale': 2, 'h_l_per_pt': 600, 'fwd_min_pt': 2, 'space_l': 10000, 'space_fee': 3000, 'exp_storage_l': 20000, 'exp_handling_pt': 3, 'h_fee_add': 0} v0=17454 c=1001 good=[] bad=24 top=12
[44/168 107s] {'pool': 'FH', 'fwd_per_batch': 5, 'fwd_split': None, 'std_l_per_pt': 6000, 'h_qty_scale': 2, 'h_l_per_pt': 600, 'fwd_min_pt': 3, 'space_l': 10000, 'space_fee': 3000, 'exp_storage_l': 20000, 'exp_handling_pt': 3, 'h_fee_add': 0} v0=17454 c=1001 good=[] bad=24 top=13
[45/168 109s] {'pool': 'FH', 'fwd_per_batch': 5, 'fwd_split': None, 'std_l_per_pt': 4000, 'h_qty_scale': 2, 'h_l_per_pt': 600, 'fwd_min_pt': 2, 'space_l': 10000, 'space_fee': 3000, 'exp_storage_l': 20000, 'exp_handling_pt': 3, 'h_fee_add': 0} v0=18085 c=1001 good=[] bad=24 top=13
[46/168 112s] {'pool': 'FH', 'fwd_per_batch': 5, 'fwd_split': None, 'std_l_per_pt': 4000, 'h_qty_scale': 2, 'h_l_per_pt': 600, 'fwd_min_pt': 3, 'space_l': 10000, 'space_fee': 3000, 'exp_storage_l': 20000, 'exp_handling_pt': 3, 'h_fee_add': 0} v0=18085 c=1001 good=[] bad=24 top=12
[47/168 115s] {'pool': 'FH', 'fwd_per_batch': 5, 'fwd_split': None, 'std_l_per_pt': 3000, 'h_qty_scale': 2, 'h_l_per_pt': 600, 'fwd_min_pt': 2, 'space_l': 10000, 'space_fee': 3000, 'exp_storage_l': 20000, 'exp_handling_pt': 3, 'h_fee_add': 0} v0=18085 c=1001 good=[] bad=24 top=12
[48/168 117s] {'pool': 'FH', 'fwd_per_batch': 5, 'fwd_split': None, 'std_l_per_pt': 3000, 'h_qty_scale': 2, 'h_l_per_pt': 600, 'fwd_min_pt': 3, 'space_l': 10000, 'space_fee': 3000, 'exp_storage_l': 20000, 'exp_handling_pt': 3, 'h_fee_add': 0} v0=18085 c=1001 good=[] bad=24 top=12
[49/168 119s] {'pool': 'FH', 'fwd_per_batch': 5, 'fwd_split': None, 'std_l_per_pt': 6000, 'h_qty_scale': 3, 'h_l_per_pt': 750, 'fwd_min_pt': 2, 'space_l': 10000, 'space_fee': 3000, 'exp_storage_l': 20000, 'exp_handling_pt': 3, 'h_fee_add': 0} v0=16612 c=1011 good=[] bad=24 top=12
[50/168 122s] {'pool': 'FH', 'fwd_per_batch': 5, 'fwd_split': None, 'std_l_per_pt': 6000, 'h_qty_scale': 3, 'h_l_per_pt': 750, 'fwd_min_pt': 3, 'space_l': 10000, 'space_fee': 3000, 'exp_storage_l': 20000, 'exp_handling_pt': 3, 'h_fee_add': 0} v0=16338 c=1001 good=[] bad=24 top=15
[51/168 123s] {'pool': 'FH', 'fwd_per_batch': 5, 'fwd_split': None, 'std_l_per_pt': 4000, 'h_qty_scale': 3, 'h_l_per_pt': 750, 'fwd_min_pt': 2, 'space_l': 10000, 'space_fee': 3000, 'exp_storage_l': 20000, 'exp_handling_pt': 3, 'h_fee_add': 0} v0=17343 c=1011 good=[] bad=24 top=11
[52/168 126s] {'pool': 'FH', 'fwd_per_batch': 5, 'fwd_split': None, 'std_l_per_pt': 4000, 'h_qty_scale': 3, 'h_l_per_pt': 750, 'fwd_min_pt': 3, 'space_l': 10000, 'space_fee': 3000, 'exp_storage_l': 20000, 'exp_handling_pt': 3, 'h_fee_add': 0} v0=17152 c=1011 good=[] bad=24 top=10
[53/168 128s] {'pool': 'FH', 'fwd_per_batch': 5, 'fwd_split': None, 'std_l_per_pt': 3000, 'h_qty_scale': 3, 'h_l_per_pt': 750, 'fwd_min_pt': 2, 'space_l': 10000, 'space_fee': 3000, 'exp_storage_l': 20000, 'exp_handling_pt': 3, 'h_fee_add': 0} v0=17152 c=1011 good=[] bad=24 top=10
[54/168 131s] {'pool': 'FH', 'fwd_per_batch': 5, 'fwd_split': None, 'std_l_per_pt': 3000, 'h_qty_scale': 3, 'h_l_per_pt': 750, 'fwd_min_pt': 3, 'space_l': 10000, 'space_fee': 3000, 'exp_storage_l': 20000, 'exp_handling_pt': 3, 'h_fee_add': 0} v0=17152 c=1011 good=[] bad=24 top=10
[55/168 133s] {'pool': 'FH', 'fwd_per_batch': 5, 'fwd_split': None, 'std_l_per_pt': 6000, 'h_qty_scale': 3, 'h_l_per_pt': 900, 'fwd_min_pt': 2, 'space_l': 10000, 'space_fee': 3000, 'exp_storage_l': 20000, 'exp_handling_pt': 3, 'h_fee_add': 0} v0=16982 c=1011 good=[] bad=24 top=10
[56/168 135s] {'pool': 'FH', 'fwd_per_batch': 5, 'fwd_split': None, 'std_l_per_pt': 6000, 'h_qty_scale': 3, 'h_l_per_pt': 900, 'fwd_min_pt': 3, 'space_l': 10000, 'space_fee': 3000, 'exp_storage_l': 20000, 'exp_handling_pt': 3, 'h_fee_add': 0} v0=16982 c=1011 good=[] bad=24 top=10
[57/168 136s] {'pool': 'FH', 'fwd_per_batch': 5, 'fwd_split': None, 'std_l_per_pt': 4000, 'h_qty_scale': 3, 'h_l_per_pt': 900, 'fwd_min_pt': 2, 'space_l': 10000, 'space_fee': 3000, 'exp_storage_l': 20000, 'exp_handling_pt': 3, 'h_fee_add': 0} v0=17654 c=1011 good=[] bad=24 top=9
[58/168 140s] {'pool': 'FH', 'fwd_per_batch': 5, 'fwd_split': None, 'std_l_per_pt': 4000, 'h_qty_scale': 3, 'h_l_per_pt': 900, 'fwd_min_pt': 3, 'space_l': 10000, 'space_fee': 3000, 'exp_storage_l': 20000, 'exp_handling_pt': 3, 'h_fee_add': 0} v0=17654 c=1011 good=[] bad=24 top=10
[59/168 142s] {'pool': 'FH', 'fwd_per_batch': 5, 'fwd_split': None, 'std_l_per_pt': 3000, 'h_qty_scale': 3, 'h_l_per_pt': 900, 'fwd_min_pt': 2, 'space_l': 10000, 'space_fee': 3000, 'exp_storage_l': 20000, 'exp_handling_pt': 3, 'h_fee_add': 0} v0=17654 c=1011 good=[] bad=24 top=10
[60/168 144s] {'pool': 'FH', 'fwd_per_batch': 5, 'fwd_split': None, 'std_l_per_pt': 3000, 'h_qty_scale': 3, 'h_l_per_pt': 900, 'fwd_min_pt': 3, 'space_l': 10000, 'space_fee': 3000, 'exp_storage_l': 20000, 'exp_handling_pt': 3, 'h_fee_add': 0} v0=17654 c=1011 good=[] bad=24 top=10
[61/168 147s] {'pool': 'FH', 'fwd_per_batch': 6, 'fwd_split': None, 'std_l_per_pt': 6000, 'h_qty_scale': 1, 'h_l_per_pt': 250, 'fwd_min_pt': 2, 'space_l': 10000, 'space_fee': 3000, 'exp_storage_l': 20000, 'exp_handling_pt': 3, 'h_fee_add': 0} v0=18009 c=1011 good=[] bad=12 top=5
[62/168 150s] {'pool': 'FH', 'fwd_per_batch': 6, 'fwd_split': None, 'std_l_per_pt': 6000, 'h_qty_scale': 1, 'h_l_per_pt': 250, 'fwd_min_pt': 3, 'space_l': 10000, 'space_fee': 3000, 'exp_storage_l': 20000, 'exp_handling_pt': 3, 'h_fee_add': 0} v0=17475 c=1011 good=[] bad=8 top=5
[63/168 152s] {'pool': 'FH', 'fwd_per_batch': 6, 'fwd_split': None, 'std_l_per_pt': 4000, 'h_qty_scale': 1, 'h_l_per_pt': 250, 'fwd_min_pt': 2, 'space_l': 10000, 'space_fee': 3000, 'exp_storage_l': 20000, 'exp_handling_pt': 3, 'h_fee_add': 0} v0=18378 c=1011 good=[] bad=4 top=5
[64/168 158s] {'pool': 'FH', 'fwd_per_batch': 6, 'fwd_split': None, 'std_l_per_pt': 4000, 'h_qty_scale': 1, 'h_l_per_pt': 250, 'fwd_min_pt': 3, 'space_l': 10000, 'space_fee': 3000, 'exp_storage_l': 20000, 'exp_handling_pt': 3, 'h_fee_add': 0} v0=18140 c=1011 good=[] bad=5 top=4
[65/168 164s] {'pool': 'FH', 'fwd_per_batch': 6, 'fwd_split': None, 'std_l_per_pt': 3000, 'h_qty_scale': 1, 'h_l_per_pt': 250, 'fwd_min_pt': 2, 'space_l': 10000, 'space_fee': 3000, 'exp_storage_l': 20000, 'exp_handling_pt': 3, 'h_fee_add': 0} v0=18213 c=1011 good=[] bad=5 top=4
[66/168 169s] {'pool': 'FH', 'fwd_per_batch': 6, 'fwd_split': None, 'std_l_per_pt': 3000, 'h_qty_scale': 1, 'h_l_per_pt': 250, 'fwd_min_pt': 3, 'space_l': 10000, 'space_fee': 3000, 'exp_storage_l': 20000, 'exp_handling_pt': 3, 'h_fee_add': 0} v0=18140 c=1011 good=[] bad=5 top=4
[67/168 174s] {'pool': 'FH', 'fwd_per_batch': 6, 'fwd_split': None, 'std_l_per_pt': 6000, 'h_qty_scale': 1, 'h_l_per_pt': 300, 'fwd_min_pt': 2, 'space_l': 10000, 'space_fee': 3000, 'exp_storage_l': 20000, 'exp_handling_pt': 3, 'h_fee_add': 0} v0=18185 c=1011 good=[] bad=11 top=7
[68/168 179s] {'pool': 'FH', 'fwd_per_batch': 6, 'fwd_split': None, 'std_l_per_pt': 6000, 'h_qty_scale': 1, 'h_l_per_pt': 300, 'fwd_min_pt': 3, 'space_l': 10000, 'space_fee': 3000, 'exp_storage_l': 20000, 'exp_handling_pt': 3, 'h_fee_add': 0} v0=18145 c=1011 good=[] bad=12 top=6
[69/168 184s] {'pool': 'FH', 'fwd_per_batch': 6, 'fwd_split': None, 'std_l_per_pt': 4000, 'h_qty_scale': 1, 'h_l_per_pt': 300, 'fwd_min_pt': 2, 'space_l': 10000, 'space_fee': 3000, 'exp_storage_l': 20000, 'exp_handling_pt': 3, 'h_fee_add': 0} v0=18918 c=1011 good=[] bad=12 top=6
[70/168 188s] {'pool': 'FH', 'fwd_per_batch': 6, 'fwd_split': None, 'std_l_per_pt': 4000, 'h_qty_scale': 1, 'h_l_per_pt': 300, 'fwd_min_pt': 3, 'space_l': 10000, 'space_fee': 3000, 'exp_storage_l': 20000, 'exp_handling_pt': 3, 'h_fee_add': 0} v0=18898 c=1011 good=[] bad=11 top=6
[71/168 190s] {'pool': 'FH', 'fwd_per_batch': 6, 'fwd_split': None, 'std_l_per_pt': 3000, 'h_qty_scale': 1, 'h_l_per_pt': 300, 'fwd_min_pt': 2, 'space_l': 10000, 'space_fee': 3000, 'exp_storage_l': 20000, 'exp_handling_pt': 3, 'h_fee_add': 0} v0=18918 c=1011 good=[] bad=10 top=6
[72/168 193s] {'pool': 'FH', 'fwd_per_batch': 6, 'fwd_split': None, 'std_l_per_pt': 3000, 'h_qty_scale': 1, 'h_l_per_pt': 300, 'fwd_min_pt': 3, 'space_l': 10000, 'space_fee': 3000, 'exp_storage_l': 20000, 'exp_handling_pt': 3, 'h_fee_add': 0} v0=18898 c=1011 good=[] bad=10 top=6
[73/168 196s] {'pool': 'FH', 'fwd_per_batch': 6, 'fwd_split': None, 'std_l_per_pt': 6000, 'h_qty_scale': 2, 'h_l_per_pt': 500, 'fwd_min_pt': 2, 'space_l': 10000, 'space_fee': 3000, 'exp_storage_l': 20000, 'exp_handling_pt': 3, 'h_fee_add': 0} v0=18075 c=1011 good=[] bad=15 top=8
[74/168 199s] {'pool': 'FH', 'fwd_per_batch': 6, 'fwd_split': None, 'std_l_per_pt': 6000, 'h_qty_scale': 2, 'h_l_per_pt': 500, 'fwd_min_pt': 3, 'space_l': 10000, 'space_fee': 3000, 'exp_storage_l': 20000, 'exp_handling_pt': 3, 'h_fee_add': 0} v0=17447 c=1011 good=[] bad=14 top=7
[75/168 202s] {'pool': 'FH', 'fwd_per_batch': 6, 'fwd_split': None, 'std_l_per_pt': 4000, 'h_qty_scale': 2, 'h_l_per_pt': 500, 'fwd_min_pt': 2, 'space_l': 10000, 'space_fee': 3000, 'exp_storage_l': 20000, 'exp_handling_pt': 3, 'h_fee_add': 0} v0=18572 c=1011 good=[] bad=10 top=6
[76/168 204s] {'pool': 'FH', 'fwd_per_batch': 6, 'fwd_split': None, 'std_l_per_pt': 4000, 'h_qty_scale': 2, 'h_l_per_pt': 500, 'fwd_min_pt': 3, 'space_l': 10000, 'space_fee': 3000, 'exp_storage_l': 20000, 'exp_handling_pt': 3, 'h_fee_add': 0} v0=18142 c=1011 good=[] bad=10 top=6
[77/168 207s] {'pool': 'FH', 'fwd_per_batch': 6, 'fwd_split': None, 'std_l_per_pt': 3000, 'h_qty_scale': 2, 'h_l_per_pt': 500, 'fwd_min_pt': 2, 'space_l': 10000, 'space_fee': 3000, 'exp_storage_l': 20000, 'exp_handling_pt': 3, 'h_fee_add': 0} v0=18142 c=1011 good=[] bad=11 top=6
[78/168 209s] {'pool': 'FH', 'fwd_per_batch': 6, 'fwd_split': None, 'std_l_per_pt': 3000, 'h_qty_scale': 2, 'h_l_per_pt': 500, 'fwd_min_pt': 3, 'space_l': 10000, 'space_fee': 3000, 'exp_storage_l': 20000, 'exp_handling_pt': 3, 'h_fee_add': 0} v0=18142 c=1011 good=[] bad=9 top=6
[79/168 211s] {'pool': 'FH', 'fwd_per_batch': 6, 'fwd_split': None, 'std_l_per_pt': 6000, 'h_qty_scale': 2, 'h_l_per_pt': 600, 'fwd_min_pt': 2, 'space_l': 10000, 'space_fee': 3000, 'exp_storage_l': 20000, 'exp_handling_pt': 3, 'h_fee_add': 0} v0=17889 c=1011 good=[] bad=16 top=7
[80/168 214s] {'pool': 'FH', 'fwd_per_batch': 6, 'fwd_split': None, 'std_l_per_pt': 6000, 'h_qty_scale': 2, 'h_l_per_pt': 600, 'fwd_min_pt': 3, 'space_l': 10000, 'space_fee': 3000, 'exp_storage_l': 20000, 'exp_handling_pt': 3, 'h_fee_add': 0} v0=17878 c=1011 good=[] bad=15 top=5
[81/168 217s] {'pool': 'FH', 'fwd_per_batch': 6, 'fwd_split': None, 'std_l_per_pt': 4000, 'h_qty_scale': 2, 'h_l_per_pt': 600, 'fwd_min_pt': 2, 'space_l': 10000, 'space_fee': 3000, 'exp_storage_l': 20000, 'exp_handling_pt': 3, 'h_fee_add': 0} v0=18586 c=1011 good=[] bad=18 top=4
[82/168 218s] {'pool': 'FH', 'fwd_per_batch': 6, 'fwd_split': None, 'std_l_per_pt': 4000, 'h_qty_scale': 2, 'h_l_per_pt': 600, 'fwd_min_pt': 3, 'space_l': 10000, 'space_fee': 3000, 'exp_storage_l': 20000, 'exp_handling_pt': 3, 'h_fee_add': 0} v0=18586 c=1011 good=[] bad=14 top=4
[83/168 222s] {'pool': 'FH', 'fwd_per_batch': 6, 'fwd_split': None, 'std_l_per_pt': 3000, 'h_qty_scale': 2, 'h_l_per_pt': 600, 'fwd_min_pt': 2, 'space_l': 10000, 'space_fee': 3000, 'exp_storage_l': 20000, 'exp_handling_pt': 3, 'h_fee_add': 0} v0=18586 c=1011 good=[] bad=14 top=4
[84/168 226s] {'pool': 'FH', 'fwd_per_batch': 6, 'fwd_split': None, 'std_l_per_pt': 3000, 'h_qty_scale': 2, 'h_l_per_pt': 600, 'fwd_min_pt': 3, 'space_l': 10000, 'space_fee': 3000, 'exp_storage_l': 20000, 'exp_handling_pt': 3, 'h_fee_add': 0} v0=18586 c=1011 good=[] bad=14 top=4
[85/168 232s] {'pool': 'FH', 'fwd_per_batch': 6, 'fwd_split': None, 'std_l_per_pt': 6000, 'h_qty_scale': 3, 'h_l_per_pt': 750, 'fwd_min_pt': 2, 'space_l': 10000, 'space_fee': 3000, 'exp_storage_l': 20000, 'exp_handling_pt': 3, 'h_fee_add': 0} v0=17385 c=1011 good=[] bad=23 top=11
[86/168 236s] {'pool': 'FH', 'fwd_per_batch': 6, 'fwd_split': None, 'std_l_per_pt': 6000, 'h_qty_scale': 3, 'h_l_per_pt': 750, 'fwd_min_pt': 3, 'space_l': 10000, 'space_fee': 3000, 'exp_storage_l': 20000, 'exp_handling_pt': 3, 'h_fee_add': 0} v0=17098 c=1011 good=[] bad=22 top=10
[87/168 241s] {'pool': 'FH', 'fwd_per_batch': 6, 'fwd_split': None, 'std_l_per_pt': 4000, 'h_qty_scale': 3, 'h_l_per_pt': 750, 'fwd_min_pt': 2, 'space_l': 10000, 'space_fee': 3000, 'exp_storage_l': 20000, 'exp_handling_pt': 3, 'h_fee_add': 0} v0=17672 c=1011 good=[] bad=21 top=8
[88/168 245s] {'pool': 'FH', 'fwd_per_batch': 6, 'fwd_split': None, 'std_l_per_pt': 4000, 'h_qty_scale': 3, 'h_l_per_pt': 750, 'fwd_min_pt': 3, 'space_l': 10000, 'space_fee': 3000, 'exp_storage_l': 20000, 'exp_handling_pt': 3, 'h_fee_add': 0} v0=17506 c=1011 good=[] bad=22 top=7
[89/168 250s] {'pool': 'FH', 'fwd_per_batch': 6, 'fwd_split': None, 'std_l_per_pt': 3000, 'h_qty_scale': 3, 'h_l_per_pt': 750, 'fwd_min_pt': 2, 'space_l': 10000, 'space_fee': 3000, 'exp_storage_l': 20000, 'exp_handling_pt': 3, 'h_fee_add': 0} v0=17506 c=1011 good=[] bad=22 top=6
[90/168 254s] {'pool': 'FH', 'fwd_per_batch': 6, 'fwd_split': None, 'std_l_per_pt': 3000, 'h_qty_scale': 3, 'h_l_per_pt': 750, 'fwd_min_pt': 3, 'space_l': 10000, 'space_fee': 3000, 'exp_storage_l': 20000, 'exp_handling_pt': 3, 'h_fee_add': 0} v0=17506 c=1011 good=[] bad=22 top=7
[91/168 257s] {'pool': 'FH', 'fwd_per_batch': 6, 'fwd_split': None, 'std_l_per_pt': 6000, 'h_qty_scale': 3, 'h_l_per_pt': 900, 'fwd_min_pt': 2, 'space_l': 10000, 'space_fee': 3000, 'exp_storage_l': 20000, 'exp_handling_pt': 3, 'h_fee_add': 0} v0=17745 c=1011 good=[] bad=22 top=10
[92/168 262s] {'pool': 'FH', 'fwd_per_batch': 6, 'fwd_split': None, 'std_l_per_pt': 6000, 'h_qty_scale': 3, 'h_l_per_pt': 900, 'fwd_min_pt': 3, 'space_l': 10000, 'space_fee': 3000, 'exp_storage_l': 20000, 'exp_handling_pt': 3, 'h_fee_add': 0} v0=17685 c=1011 good=[] bad=22 top=11
[93/168 266s] {'pool': 'FH', 'fwd_per_batch': 6, 'fwd_split': None, 'std_l_per_pt': 4000, 'h_qty_scale': 3, 'h_l_per_pt': 900, 'fwd_min_pt': 2, 'space_l': 10000, 'space_fee': 3000, 'exp_storage_l': 20000, 'exp_handling_pt': 3, 'h_fee_add': 0} v0=18150 c=1011 good=[] bad=22 top=13
[94/168 270s] {'pool': 'FH', 'fwd_per_batch': 6, 'fwd_split': None, 'std_l_per_pt': 4000, 'h_qty_scale': 3, 'h_l_per_pt': 900, 'fwd_min_pt': 3, 'space_l': 10000, 'space_fee': 3000, 'exp_storage_l': 20000, 'exp_handling_pt': 3, 'h_fee_add': 0} v0=18150 c=1011 good=[] bad=22 top=13
[95/168 273s] {'pool': 'FH', 'fwd_per_batch': 6, 'fwd_split': None, 'std_l_per_pt': 3000, 'h_qty_scale': 3, 'h_l_per_pt': 900, 'fwd_min_pt': 2, 'space_l': 10000, 'space_fee': 3000, 'exp_storage_l': 20000, 'exp_handling_pt': 3, 'h_fee_add': 0} v0=18150 c=1011 good=[] bad=22 top=13
[96/168 278s] {'pool': 'FH', 'fwd_per_batch': 6, 'fwd_split': None, 'std_l_per_pt': 3000, 'h_qty_scale': 3, 'h_l_per_pt': 900, 'fwd_min_pt': 3, 'space_l': 10000, 'space_fee': 3000, 'exp_storage_l': 20000, 'exp_handling_pt': 3, 'h_fee_add': 0} v0=18150 c=1011 good=[] bad=22 top=13
[97/168 283s] {'pool': 'FH', 'fwd_per_batch': 6, 'fwd_split': (3, 3), 'std_l_per_pt': 6000, 'h_qty_scale': 1, 'h_l_per_pt': 250, 'fwd_min_pt': 2, 'space_l': 10000, 'space_fee': 3000, 'exp_storage_l': 20000, 'exp_handling_pt': 3, 'h_fee_add': 0} v0=18419 c=1111 good=['90k@8/noinv', '90k@30/noinv', '90k@50/noinv'] bad=3 top=10
[98/168 288s] {'pool': 'FH', 'fwd_per_batch': 6, 'fwd_split': (3, 3), 'std_l_per_pt': 6000, 'h_qty_scale': 1, 'h_l_per_pt': 250, 'fwd_min_pt': 3, 'space_l': 10000, 'space_fee': 3000, 'exp_storage_l': 20000, 'exp_handling_pt': 3, 'h_fee_add': 0} v0=17700 c=1101 good=['90k@8/noinv', '90k@30/noinv', '90k@8/S1'] bad=1 top=16
[99/168 293s] {'pool': 'FH', 'fwd_per_batch': 6, 'fwd_split': (3, 3), 'std_l_per_pt': 4000, 'h_qty_scale': 1, 'h_l_per_pt': 250, 'fwd_min_pt': 2, 'space_l': 10000, 'space_fee': 3000, 'exp_storage_l': 20000, 'exp_handling_pt': 3, 'h_fee_add': 0} v0=18440 c=1101 good=['90k@8/noinv', '90k@30/noinv', '90k@50/noinv'] bad=1 top=17
[100/168 299s] {'pool': 'FH', 'fwd_per_batch': 6, 'fwd_split': (3, 3), 'std_l_per_pt': 4000, 'h_qty_scale': 1, 'h_l_per_pt': 250, 'fwd_min_pt': 3, 'space_l': 10000, 'space_fee': 3000, 'exp_storage_l': 20000, 'exp_handling_pt': 3, 'h_fee_add': 0} v0=18385 c=1101 good=['90k@8/noinv', '90k@30/noinv', '90k@8/S1'] bad=2 top=16
[101/168 304s] {'pool': 'FH', 'fwd_per_batch': 6, 'fwd_split': (3, 3), 'std_l_per_pt': 3000, 'h_qty_scale': 1, 'h_l_per_pt': 250, 'fwd_min_pt': 2, 'space_l': 10000, 'space_fee': 3000, 'exp_storage_l': 20000, 'exp_handling_pt': 3, 'h_fee_add': 0} v0=18414 c=1101 good=['90k@8/noinv', '90k@30/noinv', '90k@8/S1'] bad=4 top=18
[102/168 308s] {'pool': 'FH', 'fwd_per_batch': 6, 'fwd_split': (3, 3), 'std_l_per_pt': 3000, 'h_qty_scale': 1, 'h_l_per_pt': 250, 'fwd_min_pt': 3, 'space_l': 10000, 'space_fee': 3000, 'exp_storage_l': 20000, 'exp_handling_pt': 3, 'h_fee_add': 0} v0=18385 c=1101 good=['90k@8/noinv', '90k@30/noinv', '90k@8/S1'] bad=4 top=16
[103/168 311s] {'pool': 'FH', 'fwd_per_batch': 6, 'fwd_split': (3, 3), 'std_l_per_pt': 6000, 'h_qty_scale': 1, 'h_l_per_pt': 300, 'fwd_min_pt': 2, 'space_l': 10000, 'space_fee': 3000, 'exp_storage_l': 20000, 'exp_handling_pt': 3, 'h_fee_add': 0} v0=18812 c=1111 good=['90k@8/noinv', '90k@30/noinv', '90k@8/S1'] bad=6 top=9
[104/168 315s] {'pool': 'FH', 'fwd_per_batch': 6, 'fwd_split': (3, 3), 'std_l_per_pt': 6000, 'h_qty_scale': 1, 'h_l_per_pt': 300, 'fwd_min_pt': 3, 'space_l': 10000, 'space_fee': 3000, 'exp_storage_l': 20000, 'exp_handling_pt': 3, 'h_fee_add': 0} v0=18812 c=1111 good=['90k@8/noinv', '90k@30/noinv', '90k@8/S1'] bad=7 top=8
[105/168 319s] {'pool': 'FH', 'fwd_per_batch': 6, 'fwd_split': (3, 3), 'std_l_per_pt': 4000, 'h_qty_scale': 1, 'h_l_per_pt': 300, 'fwd_min_pt': 2, 'space_l': 10000, 'space_fee': 3000, 'exp_storage_l': 20000, 'exp_handling_pt': 3, 'h_fee_add': 0} v0=19690 c=1110 good=['90k@8/noinv', '90k@30/noinv', '90k@8/S1'] bad=8 top=8
[106/168 323s] {'pool': 'FH', 'fwd_per_batch': 6, 'fwd_split': (3, 3), 'std_l_per_pt': 4000, 'h_qty_scale': 1, 'h_l_per_pt': 300, 'fwd_min_pt': 3, 'space_l': 10000, 'space_fee': 3000, 'exp_storage_l': 20000, 'exp_handling_pt': 3, 'h_fee_add': 0} v0=19603 c=1110 good=['90k@8/noinv', '90k@30/noinv', '90k@8/S1'] bad=9 top=7
[107/168 326s] {'pool': 'FH', 'fwd_per_batch': 6, 'fwd_split': (3, 3), 'std_l_per_pt': 3000, 'h_qty_scale': 1, 'h_l_per_pt': 300, 'fwd_min_pt': 2, 'space_l': 10000, 'space_fee': 3000, 'exp_storage_l': 20000, 'exp_handling_pt': 3, 'h_fee_add': 0} v0=19643 c=1110 good=['90k@8/noinv', '90k@30/noinv', '90k@8/S1'] bad=9 top=7
[108/168 330s] {'pool': 'FH', 'fwd_per_batch': 6, 'fwd_split': (3, 3), 'std_l_per_pt': 3000, 'h_qty_scale': 1, 'h_l_per_pt': 300, 'fwd_min_pt': 3, 'space_l': 10000, 'space_fee': 3000, 'exp_storage_l': 20000, 'exp_handling_pt': 3, 'h_fee_add': 0} v0=19603 c=1110 good=['90k@8/noinv', '90k@30/noinv', '90k@8/S1'] bad=9 top=7
[109/168 333s] {'pool': 'FH', 'fwd_per_batch': 6, 'fwd_split': (3, 3), 'std_l_per_pt': 6000, 'h_qty_scale': 2, 'h_l_per_pt': 500, 'fwd_min_pt': 2, 'space_l': 10000, 'space_fee': 3000, 'exp_storage_l': 20000, 'exp_handling_pt': 3, 'h_fee_add': 0} v0=18067 c=1111 good=['90k@8/noinv', '90k@30/noinv', '90k@8/E7'] bad=8 top=5
[110/168 337s] {'pool': 'FH', 'fwd_per_batch': 6, 'fwd_split': (3, 3), 'std_l_per_pt': 6000, 'h_qty_scale': 2, 'h_l_per_pt': 500, 'fwd_min_pt': 3, 'space_l': 10000, 'space_fee': 3000, 'exp_storage_l': 20000, 'exp_handling_pt': 3, 'h_fee_add': 0} v0=17514 c=1111 good=['90k@8/noinv', '90k@30/noinv', '90k@8/E7'] bad=7 top=6
[111/168 341s] {'pool': 'FH', 'fwd_per_batch': 6, 'fwd_split': (3, 3), 'std_l_per_pt': 4000, 'h_qty_scale': 2, 'h_l_per_pt': 500, 'fwd_min_pt': 2, 'space_l': 10000, 'space_fee': 3000, 'exp_storage_l': 20000, 'exp_handling_pt': 3, 'h_fee_add': 0} v0=18831 c=1111 good=['90k@8/noinv', '90k@8/S1', '90k@50/S1'] bad=8 top=9
[112/168 347s] {'pool': 'FH', 'fwd_per_batch': 6, 'fwd_split': (3, 3), 'std_l_per_pt': 4000, 'h_qty_scale': 2, 'h_l_per_pt': 500, 'fwd_min_pt': 3, 'space_l': 10000, 'space_fee': 3000, 'exp_storage_l': 20000, 'exp_handling_pt': 3, 'h_fee_add': 0} v0=18224 c=1111 good=['90k@8/noinv', '90k@8/S1', '90k@8/E7'] bad=6 top=10
[113/168 354s] {'pool': 'FH', 'fwd_per_batch': 6, 'fwd_split': (3, 3), 'std_l_per_pt': 3000, 'h_qty_scale': 2, 'h_l_per_pt': 500, 'fwd_min_pt': 2, 'space_l': 10000, 'space_fee': 3000, 'exp_storage_l': 20000, 'exp_handling_pt': 3, 'h_fee_add': 0} v0=18163 c=1111 good=['90k@8/noinv', '90k@8/S1', '90k@8/E7'] bad=6 top=11
[114/168 361s] {'pool': 'FH', 'fwd_per_batch': 6, 'fwd_split': (3, 3), 'std_l_per_pt': 3000, 'h_qty_scale': 2, 'h_l_per_pt': 500, 'fwd_min_pt': 3, 'space_l': 10000, 'space_fee': 3000, 'exp_storage_l': 20000, 'exp_handling_pt': 3, 'h_fee_add': 0} v0=18224 c=1111 good=['90k@8/noinv', '90k@8/S1', '90k@8/E7'] bad=6 top=10
[115/168 364s] {'pool': 'FH', 'fwd_per_batch': 6, 'fwd_split': (3, 3), 'std_l_per_pt': 6000, 'h_qty_scale': 2, 'h_l_per_pt': 600, 'fwd_min_pt': 2, 'space_l': 10000, 'space_fee': 3000, 'exp_storage_l': 20000, 'exp_handling_pt': 3, 'h_fee_add': 0} v0=18084 c=1111 good=['90k@8/noinv', '90k@30/noinv', '90k@8/E7'] bad=11 top=6
[116/168 369s] {'pool': 'FH', 'fwd_per_batch': 6, 'fwd_split': (3, 3), 'std_l_per_pt': 6000, 'h_qty_scale': 2, 'h_l_per_pt': 600, 'fwd_min_pt': 3, 'space_l': 10000, 'space_fee': 3000, 'exp_storage_l': 20000, 'exp_handling_pt': 3, 'h_fee_add': 0} v0=18084 c=1111 good=['90k@8/noinv', '90k@30/noinv', '90k@8/E7'] bad=10 top=5
[117/168 372s] {'pool': 'FH', 'fwd_per_batch': 6, 'fwd_split': (3, 3), 'std_l_per_pt': 4000, 'h_qty_scale': 2, 'h_l_per_pt': 600, 'fwd_min_pt': 2, 'space_l': 10000, 'space_fee': 3000, 'exp_storage_l': 20000, 'exp_handling_pt': 3, 'h_fee_add': 0} v0=19187 c=1110 good=['90k@8/noinv', '90k@8/SE', '90k@30/SE'] bad=14 top=6
[118/168 375s] {'pool': 'FH', 'fwd_per_batch': 6, 'fwd_split': (3, 3), 'std_l_per_pt': 4000, 'h_qty_scale': 2, 'h_l_per_pt': 600, 'fwd_min_pt': 3, 'space_l': 10000, 'space_fee': 3000, 'exp_storage_l': 20000, 'exp_handling_pt': 3, 'h_fee_add': 0} v0=19187 c=1110 good=['90k@8/noinv', '90k@30/noinv', '90k@8/SE'] bad=14 top=5
[119/168 378s] {'pool': 'FH', 'fwd_per_batch': 6, 'fwd_split': (3, 3), 'std_l_per_pt': 3000, 'h_qty_scale': 2, 'h_l_per_pt': 600, 'fwd_min_pt': 2, 'space_l': 10000, 'space_fee': 3000, 'exp_storage_l': 20000, 'exp_handling_pt': 3, 'h_fee_add': 0} v0=19187 c=1110 good=['90k@8/noinv', '90k@8/SE', '90k@30/SE'] bad=14 top=5
[120/168 381s] {'pool': 'FH', 'fwd_per_batch': 6, 'fwd_split': (3, 3), 'std_l_per_pt': 3000, 'h_qty_scale': 2, 'h_l_per_pt': 600, 'fwd_min_pt': 3, 'space_l': 10000, 'space_fee': 3000, 'exp_storage_l': 20000, 'exp_handling_pt': 3, 'h_fee_add': 0} v0=19187 c=1110 good=['90k@8/noinv', '90k@30/noinv', '90k@8/SE'] bad=14 top=5
[121/168 384s] {'pool': 'FH', 'fwd_per_batch': 6, 'fwd_split': (3, 3), 'std_l_per_pt': 6000, 'h_qty_scale': 3, 'h_l_per_pt': 750, 'fwd_min_pt': 2, 'space_l': 10000, 'space_fee': 3000, 'exp_storage_l': 20000, 'exp_handling_pt': 3, 'h_fee_add': 0} v0=17961 c=1011 good=[] bad=22 top=9
[122/168 387s] {'pool': 'FH', 'fwd_per_batch': 6, 'fwd_split': (3, 3), 'std_l_per_pt': 6000, 'h_qty_scale': 3, 'h_l_per_pt': 750, 'fwd_min_pt': 3, 'space_l': 10000, 'space_fee': 3000, 'exp_storage_l': 20000, 'exp_handling_pt': 3, 'h_fee_add': 0} v0=17181 c=1111 good=['90k@8/SE'] bad=19 top=8
[123/168 391s] {'pool': 'FH', 'fwd_per_batch': 6, 'fwd_split': (3, 3), 'std_l_per_pt': 4000, 'h_qty_scale': 3, 'h_l_per_pt': 750, 'fwd_min_pt': 2, 'space_l': 10000, 'space_fee': 3000, 'exp_storage_l': 20000, 'exp_handling_pt': 3, 'h_fee_add': 0} v0=17968 c=1111 good=['90k@8/SE', '90k@30/SE'] bad=17 top=8
[124/168 393s] {'pool': 'FH', 'fwd_per_batch': 6, 'fwd_split': (3, 3), 'std_l_per_pt': 4000, 'h_qty_scale': 3, 'h_l_per_pt': 750, 'fwd_min_pt': 3, 'space_l': 10000, 'space_fee': 3000, 'exp_storage_l': 20000, 'exp_handling_pt': 3, 'h_fee_add': 0} v0=17646 c=1111 good=['90k@8/SE'] bad=18 top=12
[125/168 396s] {'pool': 'FH', 'fwd_per_batch': 6, 'fwd_split': (3, 3), 'std_l_per_pt': 3000, 'h_qty_scale': 3, 'h_l_per_pt': 750, 'fwd_min_pt': 2, 'space_l': 10000, 'space_fee': 3000, 'exp_storage_l': 20000, 'exp_handling_pt': 3, 'h_fee_add': 0} v0=17653 c=1111 good=['90k@8/SE'] bad=17 top=12
[126/168 398s] {'pool': 'FH', 'fwd_per_batch': 6, 'fwd_split': (3, 3), 'std_l_per_pt': 3000, 'h_qty_scale': 3, 'h_l_per_pt': 750, 'fwd_min_pt': 3, 'space_l': 10000, 'space_fee': 3000, 'exp_storage_l': 20000, 'exp_handling_pt': 3, 'h_fee_add': 0} v0=17646 c=1111 good=['90k@8/SE'] bad=18 top=12
[127/168 401s] {'pool': 'FH', 'fwd_per_batch': 6, 'fwd_split': (3, 3), 'std_l_per_pt': 6000, 'h_qty_scale': 3, 'h_l_per_pt': 900, 'fwd_min_pt': 2, 'space_l': 10000, 'space_fee': 3000, 'exp_storage_l': 20000, 'exp_handling_pt': 3, 'h_fee_add': 0} v0=18478 c=1011 good=[] bad=21 top=12
[128/168 403s] {'pool': 'FH', 'fwd_per_batch': 6, 'fwd_split': (3, 3), 'std_l_per_pt': 6000, 'h_qty_scale': 3, 'h_l_per_pt': 900, 'fwd_min_pt': 3, 'space_l': 10000, 'space_fee': 3000, 'exp_storage_l': 20000, 'exp_handling_pt': 3, 'h_fee_add': 0} v0=18478 c=1011 good=[] bad=21 top=10
[129/168 405s] {'pool': 'FH', 'fwd_per_batch': 6, 'fwd_split': (3, 3), 'std_l_per_pt': 4000, 'h_qty_scale': 3, 'h_l_per_pt': 900, 'fwd_min_pt': 2, 'space_l': 10000, 'space_fee': 3000, 'exp_storage_l': 20000, 'exp_handling_pt': 3, 'h_fee_add': 0} v0=18402 c=1011 good=[] bad=22 top=12
[130/168 408s] {'pool': 'FH', 'fwd_per_batch': 6, 'fwd_split': (3, 3), 'std_l_per_pt': 4000, 'h_qty_scale': 3, 'h_l_per_pt': 900, 'fwd_min_pt': 3, 'space_l': 10000, 'space_fee': 3000, 'exp_storage_l': 20000, 'exp_handling_pt': 3, 'h_fee_add': 0} v0=18362 c=1111 good=['90k@30/SE'] bad=22 top=11
[131/168 410s] {'pool': 'FH', 'fwd_per_batch': 6, 'fwd_split': (3, 3), 'std_l_per_pt': 3000, 'h_qty_scale': 3, 'h_l_per_pt': 900, 'fwd_min_pt': 2, 'space_l': 10000, 'space_fee': 3000, 'exp_storage_l': 20000, 'exp_handling_pt': 3, 'h_fee_add': 0} v0=18402 c=1111 good=['90k@30/SE'] bad=22 top=13
[132/168 412s] {'pool': 'FH', 'fwd_per_batch': 6, 'fwd_split': (3, 3), 'std_l_per_pt': 3000, 'h_qty_scale': 3, 'h_l_per_pt': 900, 'fwd_min_pt': 3, 'space_l': 10000, 'space_fee': 3000, 'exp_storage_l': 20000, 'exp_handling_pt': 3, 'h_fee_add': 0} v0=18362 c=1111 good=['90k@30/SE'] bad=22 top=11
[133/168 415s] {'pool': 'FH', 'fwd_per_batch': 6, 'fwd_split': (2, 4), 'std_l_per_pt': 6000, 'h_qty_scale': 1, 'h_l_per_pt': 250, 'fwd_min_pt': 2, 'space_l': 10000, 'space_fee': 3000, 'exp_storage_l': 20000, 'exp_handling_pt': 3, 'h_fee_add': 0} v0=18238 c=1101 good=['90k@8/noinv', '90k@30/noinv', '110k@8/noinv'] bad=2 top=17
[134/168 417s] {'pool': 'FH', 'fwd_per_batch': 6, 'fwd_split': (2, 4), 'std_l_per_pt': 6000, 'h_qty_scale': 1, 'h_l_per_pt': 250, 'fwd_min_pt': 3, 'space_l': 10000, 'space_fee': 3000, 'exp_storage_l': 20000, 'exp_handling_pt': 3, 'h_fee_add': 0} v0=17604 c=1101 good=['90k@8/noinv', '90k@30/noinv', '110k@8/noinv'] bad=1 top=13
[135/168 420s] {'pool': 'FH', 'fwd_per_batch': 6, 'fwd_split': (2, 4), 'std_l_per_pt': 4000, 'h_qty_scale': 1, 'h_l_per_pt': 250, 'fwd_min_pt': 2, 'space_l': 10000, 'space_fee': 3000, 'exp_storage_l': 20000, 'exp_handling_pt': 3, 'h_fee_add': 0} v0=18348 c=1011 good=['90k@8/noinv', '90k@30/noinv', '90k@50/noinv'] bad=0 top=12
[136/168 423s] {'pool': 'FH', 'fwd_per_batch': 6, 'fwd_split': (2, 4), 'std_l_per_pt': 4000, 'h_qty_scale': 1, 'h_l_per_pt': 250, 'fwd_min_pt': 3, 'space_l': 10000, 'space_fee': 3000, 'exp_storage_l': 20000, 'exp_handling_pt': 3, 'h_fee_add': 0} v0=18393 c=1011 good=['90k@8/noinv', '90k@30/noinv', '90k@8/S1'] bad=0 top=14
[137/168 426s] {'pool': 'FH', 'fwd_per_batch': 6, 'fwd_split': (2, 4), 'std_l_per_pt': 3000, 'h_qty_scale': 1, 'h_l_per_pt': 250, 'fwd_min_pt': 2, 'space_l': 10000, 'space_fee': 3000, 'exp_storage_l': 20000, 'exp_handling_pt': 3, 'h_fee_add': 0} v0=18393 c=1101 good=['90k@8/noinv', '90k@30/noinv', '90k@8/S1'] bad=2 top=16
[138/168 428s] {'pool': 'FH', 'fwd_per_batch': 6, 'fwd_split': (2, 4), 'std_l_per_pt': 3000, 'h_qty_scale': 1, 'h_l_per_pt': 250, 'fwd_min_pt': 3, 'space_l': 10000, 'space_fee': 3000, 'exp_storage_l': 20000, 'exp_handling_pt': 3, 'h_fee_add': 0} v0=18393 c=1101 good=['90k@8/noinv', '90k@30/noinv', '90k@8/S1'] bad=2 top=16
[139/168 430s] {'pool': 'FH', 'fwd_per_batch': 6, 'fwd_split': (2, 4), 'std_l_per_pt': 6000, 'h_qty_scale': 1, 'h_l_per_pt': 300, 'fwd_min_pt': 2, 'space_l': 10000, 'space_fee': 3000, 'exp_storage_l': 20000, 'exp_handling_pt': 3, 'h_fee_add': 0} v0=18376 c=1001 good=['90k@8/noinv', '90k@30/noinv', '110k@8/noinv'] bad=0 top=13
[140/168 433s] {'pool': 'FH', 'fwd_per_batch': 6, 'fwd_split': (2, 4), 'std_l_per_pt': 6000, 'h_qty_scale': 1, 'h_l_per_pt': 300, 'fwd_min_pt': 3, 'space_l': 10000, 'space_fee': 3000, 'exp_storage_l': 20000, 'exp_handling_pt': 3, 'h_fee_add': 0} v0=18373 c=1001 good=['90k@8/noinv', '90k@30/noinv', '110k@8/noinv'] bad=0 top=12
[141/168 435s] {'pool': 'FH', 'fwd_per_batch': 6, 'fwd_split': (2, 4), 'std_l_per_pt': 4000, 'h_qty_scale': 1, 'h_l_per_pt': 300, 'fwd_min_pt': 2, 'space_l': 10000, 'space_fee': 3000, 'exp_storage_l': 20000, 'exp_handling_pt': 3, 'h_fee_add': 0} v0=19338 c=1000 good=['90k@8/noinv', '90k@30/noinv', '110k@8/noinv'] bad=0 top=12
[142/168 438s] {'pool': 'FH', 'fwd_per_batch': 6, 'fwd_split': (2, 4), 'std_l_per_pt': 4000, 'h_qty_scale': 1, 'h_l_per_pt': 300, 'fwd_min_pt': 3, 'space_l': 10000, 'space_fee': 3000, 'exp_storage_l': 20000, 'exp_handling_pt': 3, 'h_fee_add': 0} v0=19302 c=1010 good=['90k@8/noinv', '90k@30/noinv', '110k@8/noinv'] bad=0 top=12
[143/168 440s] {'pool': 'FH', 'fwd_per_batch': 6, 'fwd_split': (2, 4), 'std_l_per_pt': 3000, 'h_qty_scale': 1, 'h_l_per_pt': 300, 'fwd_min_pt': 2, 'space_l': 10000, 'space_fee': 3000, 'exp_storage_l': 20000, 'exp_handling_pt': 3, 'h_fee_add': 0} v0=19338 c=1010 good=['90k@8/noinv', '90k@30/noinv', '110k@8/noinv'] bad=0 top=13
[144/168 442s] {'pool': 'FH', 'fwd_per_batch': 6, 'fwd_split': (2, 4), 'std_l_per_pt': 3000, 'h_qty_scale': 1, 'h_l_per_pt': 300, 'fwd_min_pt': 3, 'space_l': 10000, 'space_fee': 3000, 'exp_storage_l': 20000, 'exp_handling_pt': 3, 'h_fee_add': 0} v0=19302 c=1010 good=['90k@8/noinv', '90k@30/noinv', '110k@8/noinv'] bad=0 top=13
[145/168 443s] {'pool': 'FH', 'fwd_per_batch': 6, 'fwd_split': (2, 4), 'std_l_per_pt': 6000, 'h_qty_scale': 2, 'h_l_per_pt': 500, 'fwd_min_pt': 2, 'space_l': 10000, 'space_fee': 3000, 'exp_storage_l': 20000, 'exp_handling_pt': 3, 'h_fee_add': 0} v0=17761 c=1111 good=['90k@8/noinv', '90k@30/noinv', '90k@8/E7'] bad=4 top=10
[146/168 445s] {'pool': 'FH', 'fwd_per_batch': 6, 'fwd_split': (2, 4), 'std_l_per_pt': 6000, 'h_qty_scale': 2, 'h_l_per_pt': 500, 'fwd_min_pt': 3, 'space_l': 10000, 'space_fee': 3000, 'exp_storage_l': 20000, 'exp_handling_pt': 3, 'h_fee_add': 0} v0=17371 c=1111 good=['90k@8/noinv', '90k@8/E7', '110k@8/E7'] bad=2 top=10
[147/168 448s] {'pool': 'FH', 'fwd_per_batch': 6, 'fwd_split': (2, 4), 'std_l_per_pt': 4000, 'h_qty_scale': 2, 'h_l_per_pt': 500, 'fwd_min_pt': 2, 'space_l': 10000, 'space_fee': 3000, 'exp_storage_l': 20000, 'exp_handling_pt': 3, 'h_fee_add': 0} v0=18671 c=1111 good=['90k@8/noinv', '90k@30/noinv', '90k@8/S1'] bad=4 top=12
[148/168 450s] {'pool': 'FH', 'fwd_per_batch': 6, 'fwd_split': (2, 4), 'std_l_per_pt': 4000, 'h_qty_scale': 2, 'h_l_per_pt': 500, 'fwd_min_pt': 3, 'space_l': 10000, 'space_fee': 3000, 'exp_storage_l': 20000, 'exp_handling_pt': 3, 'h_fee_add': 0} v0=18214 c=1111 good=['90k@8/noinv', '90k@30/noinv', '90k@8/S1'] bad=4 top=13
[149/168 451s] {'pool': 'FH', 'fwd_per_batch': 6, 'fwd_split': (2, 4), 'std_l_per_pt': 3000, 'h_qty_scale': 2, 'h_l_per_pt': 500, 'fwd_min_pt': 2, 'space_l': 10000, 'space_fee': 3000, 'exp_storage_l': 20000, 'exp_handling_pt': 3, 'h_fee_add': 0} v0=18214 c=1111 good=['90k@8/noinv', '90k@30/noinv', '90k@8/S1'] bad=4 top=13
[150/168 454s] {'pool': 'FH', 'fwd_per_batch': 6, 'fwd_split': (2, 4), 'std_l_per_pt': 3000, 'h_qty_scale': 2, 'h_l_per_pt': 500, 'fwd_min_pt': 3, 'space_l': 10000, 'space_fee': 3000, 'exp_storage_l': 20000, 'exp_handling_pt': 3, 'h_fee_add': 0} v0=18214 c=1111 good=['90k@8/noinv', '90k@30/noinv', '90k@8/S1'] bad=4 top=13
[151/168 456s] {'pool': 'FH', 'fwd_per_batch': 6, 'fwd_split': (2, 4), 'std_l_per_pt': 6000, 'h_qty_scale': 2, 'h_l_per_pt': 600, 'fwd_min_pt': 2, 'space_l': 10000, 'space_fee': 3000, 'exp_storage_l': 20000, 'exp_handling_pt': 3, 'h_fee_add': 0} v0=17643 c=1011 good=['90k@8/noinv', '90k@30/noinv', '110k@8/noinv'] bad=0 top=6
[152/168 459s] {'pool': 'FH', 'fwd_per_batch': 6, 'fwd_split': (2, 4), 'std_l_per_pt': 6000, 'h_qty_scale': 2, 'h_l_per_pt': 600, 'fwd_min_pt': 3, 'space_l': 10000, 'space_fee': 3000, 'exp_storage_l': 20000, 'exp_handling_pt': 3, 'h_fee_add': 0} v0=17603 c=1011 good=['90k@8/noinv', '90k@30/noinv', '110k@8/noinv'] bad=0 top=7
[153/168 461s] {'pool': 'FH', 'fwd_per_batch': 6, 'fwd_split': (2, 4), 'std_l_per_pt': 4000, 'h_qty_scale': 2, 'h_l_per_pt': 600, 'fwd_min_pt': 2, 'space_l': 10000, 'space_fee': 3000, 'exp_storage_l': 20000, 'exp_handling_pt': 3, 'h_fee_add': 0} v0=18561 c=1111 good=['90k@8/noinv', '90k@30/noinv', '110k@8/noinv'] bad=1 top=7
[154/168 462s] {'pool': 'FH', 'fwd_per_batch': 6, 'fwd_split': (2, 4), 'std_l_per_pt': 4000, 'h_qty_scale': 2, 'h_l_per_pt': 600, 'fwd_min_pt': 3, 'space_l': 10000, 'space_fee': 3000, 'exp_storage_l': 20000, 'exp_handling_pt': 3, 'h_fee_add': 0} v0=18561 c=1111 good=['90k@8/noinv', '90k@30/noinv', '110k@8/noinv'] bad=1 top=7
[155/168 464s] {'pool': 'FH', 'fwd_per_batch': 6, 'fwd_split': (2, 4), 'std_l_per_pt': 3000, 'h_qty_scale': 2, 'h_l_per_pt': 600, 'fwd_min_pt': 2, 'space_l': 10000, 'space_fee': 3000, 'exp_storage_l': 20000, 'exp_handling_pt': 3, 'h_fee_add': 0} v0=18561 c=1111 good=['90k@8/noinv', '90k@30/noinv', '110k@8/noinv'] bad=1 top=7
[156/168 466s] {'pool': 'FH', 'fwd_per_batch': 6, 'fwd_split': (2, 4), 'std_l_per_pt': 3000, 'h_qty_scale': 2, 'h_l_per_pt': 600, 'fwd_min_pt': 3, 'space_l': 10000, 'space_fee': 3000, 'exp_storage_l': 20000, 'exp_handling_pt': 3, 'h_fee_add': 0} v0=18561 c=1111 good=['90k@8/noinv', '90k@30/noinv', '110k@8/noinv'] bad=1 top=7
[157/168 468s] {'pool': 'FH', 'fwd_per_batch': 6, 'fwd_split': (2, 4), 'std_l_per_pt': 6000, 'h_qty_scale': 3, 'h_l_per_pt': 750, 'fwd_min_pt': 2, 'space_l': 10000, 'space_fee': 3000, 'exp_storage_l': 20000, 'exp_handling_pt': 3, 'h_fee_add': 0} v0=17970 c=1111 good=['90k@8/SE', '90k@30/SE', '110k@8/SE'] bad=16 top=10
[158/168 470s] {'pool': 'FH', 'fwd_per_batch': 6, 'fwd_split': (2, 4), 'std_l_per_pt': 6000, 'h_qty_scale': 3, 'h_l_per_pt': 750, 'fwd_min_pt': 3, 'space_l': 10000, 'space_fee': 3000, 'exp_storage_l': 20000, 'exp_handling_pt': 3, 'h_fee_add': 0} v0=17559 c=1111 good=['90k@8/SE', '110k@8/SE', '110k@30/SE'] bad=18 top=10
[159/168 472s] {'pool': 'FH', 'fwd_per_batch': 6, 'fwd_split': (2, 4), 'std_l_per_pt': 4000, 'h_qty_scale': 3, 'h_l_per_pt': 750, 'fwd_min_pt': 2, 'space_l': 10000, 'space_fee': 3000, 'exp_storage_l': 20000, 'exp_handling_pt': 3, 'h_fee_add': 0} v0=18510 c=1111 good=['90k@8/SE', '110k@8/SE', '110k@30/SE'] bad=17 top=14
[160/168 474s] {'pool': 'FH', 'fwd_per_batch': 6, 'fwd_split': (2, 4), 'std_l_per_pt': 4000, 'h_qty_scale': 3, 'h_l_per_pt': 750, 'fwd_min_pt': 3, 'space_l': 10000, 'space_fee': 3000, 'exp_storage_l': 20000, 'exp_handling_pt': 3, 'h_fee_add': 0} v0=18428 c=1101 good=['90k@8/SE', '110k@8/SE', '110k@30/SE'] bad=16 top=15
[161/168 476s] {'pool': 'FH', 'fwd_per_batch': 6, 'fwd_split': (2, 4), 'std_l_per_pt': 3000, 'h_qty_scale': 3, 'h_l_per_pt': 750, 'fwd_min_pt': 2, 'space_l': 10000, 'space_fee': 3000, 'exp_storage_l': 20000, 'exp_handling_pt': 3, 'h_fee_add': 0} v0=18428 c=1101 good=['90k@8/SE', '110k@8/SE', '110k@30/SE'] bad=16 top=15
[162/168 479s] {'pool': 'FH', 'fwd_per_batch': 6, 'fwd_split': (2, 4), 'std_l_per_pt': 3000, 'h_qty_scale': 3, 'h_l_per_pt': 750, 'fwd_min_pt': 3, 'space_l': 10000, 'space_fee': 3000, 'exp_storage_l': 20000, 'exp_handling_pt': 3, 'h_fee_add': 0} v0=18428 c=1101 good=['90k@8/SE', '110k@8/SE', '110k@30/SE'] bad=16 top=15
[163/168 482s] {'pool': 'FH', 'fwd_per_batch': 6, 'fwd_split': (2, 4), 'std_l_per_pt': 6000, 'h_qty_scale': 3, 'h_l_per_pt': 900, 'fwd_min_pt': 2, 'space_l': 10000, 'space_fee': 3000, 'exp_storage_l': 20000, 'exp_handling_pt': 3, 'h_fee_add': 0} v0=18279 c=1111 good=['90k@8/SE', '90k@30/SE', '110k@8/SE'] bad=16 top=7
[164/168 485s] {'pool': 'FH', 'fwd_per_batch': 6, 'fwd_split': (2, 4), 'std_l_per_pt': 6000, 'h_qty_scale': 3, 'h_l_per_pt': 900, 'fwd_min_pt': 3, 'space_l': 10000, 'space_fee': 3000, 'exp_storage_l': 20000, 'exp_handling_pt': 3, 'h_fee_add': 0} v0=18279 c=1111 good=['90k@8/SE', '90k@30/SE', '110k@8/SE'] bad=16 top=6
[165/168 488s] {'pool': 'FH', 'fwd_per_batch': 6, 'fwd_split': (2, 4), 'std_l_per_pt': 4000, 'h_qty_scale': 3, 'h_l_per_pt': 900, 'fwd_min_pt': 2, 'space_l': 10000, 'space_fee': 3000, 'exp_storage_l': 20000, 'exp_handling_pt': 3, 'h_fee_add': 0} v0=18996 c=1111 good=['90k@8/SE', '90k@30/SE', '110k@8/SE'] bad=17 top=9
[166/168 491s] {'pool': 'FH', 'fwd_per_batch': 6, 'fwd_split': (2, 4), 'std_l_per_pt': 4000, 'h_qty_scale': 3, 'h_l_per_pt': 900, 'fwd_min_pt': 3, 'space_l': 10000, 'space_fee': 3000, 'exp_storage_l': 20000, 'exp_handling_pt': 3, 'h_fee_add': 0} v0=18973 c=1111 good=['90k@8/SE', '90k@30/SE', '110k@8/SE'] bad=17 top=8
[167/168 495s] {'pool': 'FH', 'fwd_per_batch': 6, 'fwd_split': (2, 4), 'std_l_per_pt': 3000, 'h_qty_scale': 3, 'h_l_per_pt': 900, 'fwd_min_pt': 2, 'space_l': 10000, 'space_fee': 3000, 'exp_storage_l': 20000, 'exp_handling_pt': 3, 'h_fee_add': 0} v0=18996 c=1111 good=['90k@8/SE', '90k@30/SE', '110k@8/SE'] bad=17 top=8
[168/168 498s] {'pool': 'FH', 'fwd_per_batch': 6, 'fwd_split': (2, 4), 'std_l_per_pt': 3000, 'h_qty_scale': 3, 'h_l_per_pt': 900, 'fwd_min_pt': 3, 'space_l': 10000, 'space_fee': 3000, 'exp_storage_l': 20000, 'exp_handling_pt': 3, 'h_fee_add': 0} v0=18973 c=1111 good=['90k@8/SE', '90k@30/SE', '110k@8/SE'] bad=17 top=8
